<?xml version="1.0" encoding="UTF-8"?>
<testsuites name="jest tests" tests="7" failures="0" errors="0" time="3.483">
  <testsuite name="Score" errors="0" failures="0" skipped="0" timestamp="2024-06-07T08:45:25" time="1.988" tests="2">
    <testcase classname="Score renders without crashing" name="Score renders without crashing" time="0.017">
    </testcase>
    <testcase classname="ButtonClick Component getClicked" name="ButtonClick Component getClicked" time="0.02">
    </testcase>
  </testsuite>
  <testsuite name="App" errors="0" failures="0" skipped="0" timestamp="2024-06-07T08:45:25" time="2.053" tests="3">
    <testcase classname="App renders without crashing" name="App renders without crashing" time="0.024">
    </testcase>
    <testcase classname="InputClick Component renders InputClick component correctly" name="InputClick Component renders InputClick component correctly" time="0.007">
    </testcase>
    <testcase classname="ButtonClick Component getClicked" name="ButtonClick Component getClicked" time="0.008">
    </testcase>
  </testsuite>
  <testsuite name="QuestionReponses" errors="0" failures="0" skipped="0" timestamp="2024-06-07T08:45:25" time="2.553" tests="2">
    <testcase classname="QuestionReponses renders without crashing" name="QuestionReponses renders without crashing" time="0.042">
    </testcase>
    <testcase classname="ButtonClick Component getClicked" name="ButtonClick Component getClicked" time="0.006">
    </testcase>
  </testsuite>
</testsuites>